{
    "properties": {
        "message": {
            "type": "string"
        },
        "url": {
            "type": "string"
        }
    },
    "required": [
        "message",
        "url"
    ],
    "type": "object"
}